[
 {
   "type": "obstacle",
   "model": "cloud",
   "is_static": true,
   "pos_fwd": 2,
   "pos_left": 1,
   "pos_up": 1,
   "scale_fwd": 1,
   "scale_left": 1,
   "scale_up": 1,
   "rot_fwd": 0,
   "rot_left": 0,
   "rot_up": 0
 },
 {
   "type": "obstacle",
   "model": "cloud",
   "is_static": true,
   "pos_fwd": 3,
   "pos_left": 2,
   "pos_up": 1,
   "scale_fwd": 1,
   "scale_left": 1,
   "scale_up": 1,
   "rot_fwd": 0,
   "rot_left": 0,
   "rot_up": 0
 },
 {
   "type": "obstacle",
   "model": "cloud",
   "is_static": true,
   "pos_fwd": 4,
   "pos_left": 3,
   "pos_up": 1,
   "scale_fwd": 1,
   "scale_left": 1,
   "scale_up": 1,
   "rot_fwd": 0,
   "rot_left": 0,
   "rot_up": 0
 },
 {
   "type": "obstacle",
   "model": "cloud",
   "is_static": true,
   "pos_fwd": 5,
   "pos_left": 4,
   "pos_up": 1,
   "scale_fwd": 1,
   "scale_left": 1,
   "scale_up": 1,
   "rot_fwd": 0,
   "rot_left": 0,
   "rot_up": 0
 },
 {
   "type": "obstacle",
   "model": "cloud",
   "is_static": true,
   "pos_fwd": 6,
   "pos_left": 5,
   "pos_up": 1,
   "scale_fwd": 1,
   "scale_left": 1,
   "scale_up": 1,
   "rot_fwd": 0,
   "rot_left": 0,
   "rot_up": 0
 },
 {
   "type": "obstacle",
   "model": "cloud",
   "is_static": true,
   "pos_fwd": 7,
   "pos_left": 6,
   "pos_up": 1,
   "scale_fwd": 1,
   "scale_left": 1,
   "scale_up": 1,
   "rot_fwd": 0,
   "rot_left": 0,
   "rot_up": 0
 },
 {
   "type": "obstacle",
   "model": "cloud",
   "is_static": true,
   "pos_fwd": 8,
   "pos_left": 7,
   "pos_up": 1,
   "scale_fwd": 1,
   "scale_left": 1,
   "scale_up": 1,
   "rot_fwd": 0,
   "rot_left": 0,
   "rot_up": 0
 },
 {
   "type": "obstacle",
   "model": "cloud",
   "is_static": true,
   "pos_fwd": 9,
   "pos_left": 8,
   "pos_up": 1,
   "scale_fwd": 1,
   "scale_left": 1,
   "scale_up": 1,
   "rot_fwd": 0,
   "rot_left": 0,
   "rot_up": 0
 },
 {
   "type": "obstacle",
   "model": "cloud",
   "is_static": true,
   "pos_fwd": 10,
   "pos_left": 9,
   "pos_up": 1,
   "scale_fwd": 1,
   "scale_left": 1,
   "scale_up": 1,
   "rot_fwd": 0,
   "rot_left": 0,
   "rot_up": 0
 },
 {
   "type": "obstacle",
   "model": "cloud",
   "is_static": true,
   "pos_fwd": 11,
   "pos_left": 10,
   "pos_up": 1,
   "scale_fwd": 1,
   "scale_left": 1,
   "scale_up": 1,
   "rot_fwd": 0,
   "rot_left": 0,
   "rot_up": 0
 },
 {
   "type": "collectable",
   "model": "coin",
   "is_static": false,
   "pos_fwd": 2,
   "pos_left": 1,
   "pos_up": 3,
   "scale_fwd": 1,
   "scale_left": 1,
   "scale_up": 1,
   "rot_fwd": 0,
   "rot_left": 0,
   "rot_up": 0
 },
 {
   "type": "collectable",
   "model": "coin",
   "is_static": false,
   "pos_fwd": 3,
   "pos_left": 2,
   "pos_up": 3,
   "scale_fwd": 1,
   "scale_left": 1,
   "scale_up": 1,
   "rot_fwd": 0,
   "rot_left": 0,
   "rot_up": 0
 },
 {
   "type": "collectable",
   "model": "coin",
   "is_static": false,
   "pos_fwd": 4,
   "pos_left": 3,
   "pos_up": 3,
   "scale_fwd": 1,
   "scale_left": 1,
   "scale_up": 1,
   "rot_fwd": 0,
   "rot_left": 0,
   "rot_up": 0
 },
 {
   "type": "collectable",
   "model": "coin",
   "is_static": false,
   "pos_fwd": 5,
   "pos_left": 4,
   "pos_up": 3,
   "scale_fwd": 1,
   "scale_left": 1,
   "scale_up": 1,
   "rot_fwd": 0,
   "rot_left": 0,
   "rot_up": 0
 },
 {
   "type": "collectable",
   "model": "coin",
   "is_static": false,
   "pos_fwd": 6,
   "pos_left": 5,
   "pos_up": 3,
   "scale_fwd": 1,
   "scale_left": 1,
   "scale_up": 1,
   "rot_fwd": 0,
   "rot_left": 0,
   "rot_up": 0
 },
 {
   "type": "collectable",
   "model": "coin",
   "is_static": false,
   "pos_fwd": 7,
   "pos_left": 6,
   "pos_up": 3,
   "scale_fwd": 1,
   "scale_left": 1,
   "scale_up": 1,
   "rot_fwd": 0,
   "rot_left": 0,
   "rot_up": 0
 },
 {
   "type": "collectable",
   "model": "coin",
   "is_static": false,
   "pos_fwd": 8,
   "pos_left": 7,
   "pos_up": 3,
   "scale_fwd": 1,
   "scale_left": 1,
   "scale_up": 1,
   "rot_fwd": 0,
   "rot_left": 0,
   "rot_up": 0
 },
 {
   "type": "collectable",
   "model": "coin",
   "is_static": false,
   "pos_fwd": 9,
   "pos_left": 8,
   "pos_up": 3,
   "scale_fwd": 1,
   "scale_left": 1,
   "scale_up": 1,
   "rot_fwd": 0,
   "rot_left": 0,
   "rot_up": 0
 },
 {
   "type": "collectable",
   "model": "coin",
   "is_static": false,
   "pos_fwd": 10,
   "pos_left": 9,
   "pos_up": 3,
   "scale_fwd": 1,
   "scale_left": 1,
   "scale_up": 1,
   "rot_fwd": 0,
   "rot_left": 0,
   "rot_up": 0
 },
 {
   "type": "collectable",
   "model": "coin",
   "is_static": false,
   "pos_fwd": 11,
   "pos_left": 10,
   "pos_up": 3,
   "scale_fwd": 1,
   "scale_left": 1,
   "scale_up": 1,
   "rot_fwd": 0,
   "rot_left": 0,
   "rot_up": 0
 }
]