[
 {
   "type": "collectable",
   "model": "coin",
   "texture": "coin.png",
   "is_static": false,
   "pos_fwd": 30,
   "pos_left": 0,
   "pos_up": 4,
   "scale_fwd": 3,
   "scale_left": 3,
   "scale_up": 3,
   "rot_fwd": 0,
   "rot_left": 0,
   "rot_up": 0,
   "anim1": 2,
   "anim2": null,
   "anim3": "",
   "anim4": ""
 },
 {
   "type": "collectable",
   "model": "coin",
   "texture": "coin.png",
   "is_static": false,
   "pos_fwd": 31,
   "pos_left": 0,
   "pos_up": 4,
   "scale_fwd": 3,
   "scale_left": 3,
   "scale_up": 3,
   "rot_fwd": 0,
   "rot_left": 0,
   "rot_up": 0,
   "anim1": 2,
   "anim2": null,
   "anim3": "",
   "anim4": ""
 },
 {
   "type": "collectable",
   "model": "coin",
   "texture": "coin.png",
   "is_static": false,
   "pos_fwd": 32,
   "pos_left": 0,
   "pos_up": 4,
   "scale_fwd": 3,
   "scale_left": 3,
   "scale_up": 3,
   "rot_fwd": 0,
   "rot_left": 0,
   "rot_up": 0,
   "anim1": 2,
   "anim2": null,
   "anim3": "",
   "anim4": ""
 },
 {
   "type": "collectable",
   "model": "coin",
   "texture": "coin.png",
   "is_static": false,
   "pos_fwd": 33,
   "pos_left": 0,
   "pos_up": 4,
   "scale_fwd": 3,
   "scale_left": 3,
   "scale_up": 3,
   "rot_fwd": 0,
   "rot_left": 0,
   "rot_up": 0,
   "anim1": 2,
   "anim2": null,
   "anim3": "",
   "anim4": ""
 },
 {
   "type": "collectable",
   "model": "coin",
   "texture": "coin.png",
   "is_static": false,
   "pos_fwd": 34,
   "pos_left": 0,
   "pos_up": 4,
   "scale_fwd": 3,
   "scale_left": 3,
   "scale_up": 3,
   "rot_fwd": 0,
   "rot_left": 0,
   "rot_up": 0,
   "anim1": 2,
   "anim2": null,
   "anim3": "",
   "anim4": ""
 },
 {
   "type": "collectable",
   "model": "coin",
   "texture": "coin.png",
   "is_static": false,
   "pos_fwd": 35,
   "pos_left": 0,
   "pos_up": 4,
   "scale_fwd": 3,
   "scale_left": 3,
   "scale_up": 3,
   "rot_fwd": 0,
   "rot_left": 0,
   "rot_up": 0,
   "anim1": 2,
   "anim2": null,
   "anim3": "",
   "anim4": ""
 },
 {
   "type": "collectable",
   "model": "coin",
   "texture": "coin.png",
   "is_static": false,
   "pos_fwd": 36,
   "pos_left": 0,
   "pos_up": 4,
   "scale_fwd": 3,
   "scale_left": 3,
   "scale_up": 3,
   "rot_fwd": 0,
   "rot_left": 0,
   "rot_up": 0,
   "anim1": 2,
   "anim2": 4,
   "anim3": "",
   "anim4": ""
 },
 {
   "type": "collectable",
   "model": "coin",
   "texture": "coin.png",
   "is_static": false,
   "pos_fwd": 37,
   "pos_left": 0,
   "pos_up": 4,
   "scale_fwd": 3,
   "scale_left": 3,
   "scale_up": 3,
   "rot_fwd": 0,
   "rot_left": 0,
   "rot_up": 0,
   "anim1": 2,
   "anim2": 4,
   "anim3": "",
   "anim4": ""
 },
 {
   "type": "collectable",
   "model": "coin",
   "texture": "coin.png",
   "is_static": false,
   "pos_fwd": 38,
   "pos_left": 0,
   "pos_up": 4,
   "scale_fwd": 3,
   "scale_left": 3,
   "scale_up": 3,
   "rot_fwd": 0,
   "rot_left": 0,
   "rot_up": 0,
   "anim1": 2,
   "anim2": 4,
   "anim3": "",
   "anim4": ""
 },
 {
   "type": "collectable",
   "model": "coin",
   "texture": "coin.png",
   "is_static": false,
   "pos_fwd": 39,
   "pos_left": 0,
   "pos_up": 4,
   "scale_fwd": 3,
   "scale_left": 3,
   "scale_up": 3,
   "rot_fwd": 0,
   "rot_left": 0,
   "rot_up": 0,
   "anim1": 2,
   "anim2": 4,
   "anim3": "",
   "anim4": ""
 },
 {
   "type": "collectable",
   "model": "coin",
   "texture": "coin.png",
   "is_static": false,
   "pos_fwd": 40,
   "pos_left": 0,
   "pos_up": 4,
   "scale_fwd": 3,
   "scale_left": 3,
   "scale_up": 3,
   "rot_fwd": 0,
   "rot_left": 0,
   "rot_up": 0,
   "anim1": 2,
   "anim2": 4,
   "anim3": "",
   "anim4": ""
 },
 {
   "type": "collectable",
   "model": "coin",
   "texture": "coin.png",
   "is_static": false,
   "pos_fwd": 41,
   "pos_left": 0,
   "pos_up": 4,
   "scale_fwd": 3,
   "scale_left": 3,
   "scale_up": 3,
   "rot_fwd": 0,
   "rot_left": 0,
   "rot_up": 0,
   "anim1": 2,
   "anim2": 4,
   "anim3": "",
   "anim4": ""
 },
 {
   "type": "collectable",
   "model": "coin",
   "texture": "coin.png",
   "is_static": false,
   "pos_fwd": 42,
   "pos_left": 0,
   "pos_up": 4,
   "scale_fwd": 3,
   "scale_left": 3,
   "scale_up": 3,
   "rot_fwd": 0,
   "rot_left": 0,
   "rot_up": 0,
   "anim1": 2,
   "anim2": 4,
   "anim3": "",
   "anim4": ""
 },
 {
   "type": "collectable",
   "model": "coin",
   "texture": "coin.png",
   "is_static": false,
   "pos_fwd": 43,
   "pos_left": 0,
   "pos_up": 4,
   "scale_fwd": 3,
   "scale_left": 3,
   "scale_up": 3,
   "rot_fwd": 0,
   "rot_left": 0,
   "rot_up": 0,
   "anim1": 2,
   "anim2": 4,
   "anim3": "",
   "anim4": ""
 },
 {
   "type": "collectable",
   "model": "coin",
   "texture": "coin.png",
   "is_static": false,
   "pos_fwd": 44,
   "pos_left": 0,
   "pos_up": 4,
   "scale_fwd": 3,
   "scale_left": 3,
   "scale_up": 3,
   "rot_fwd": 0,
   "rot_left": 0,
   "rot_up": 0,
   "anim1": 2,
   "anim2": 4,
   "anim3": "",
   "anim4": ""
 },
 {
   "type": "collectable",
   "model": "coin",
   "texture": "coin.png",
   "is_static": false,
   "pos_fwd": 45,
   "pos_left": 0,
   "pos_up": 4,
   "scale_fwd": 3,
   "scale_left": 3,
   "scale_up": 3,
   "rot_fwd": 0,
   "rot_left": 0,
   "rot_up": 0,
   "anim1": 2,
   "anim2": 6,
   "anim3": "",
   "anim4": ""
 },
 {
   "type": "collectable",
   "model": "coin",
   "texture": "coin.png",
   "is_static": false,
   "pos_fwd": 46,
   "pos_left": 0,
   "pos_up": 4,
   "scale_fwd": 3,
   "scale_left": 3,
   "scale_up": 3,
   "rot_fwd": 0,
   "rot_left": 0,
   "rot_up": 0,
   "anim1": 2,
   "anim2": 6,
   "anim3": "",
   "anim4": ""
 },
 {
   "type": "collectable",
   "model": "coin",
   "texture": "coin.png",
   "is_static": false,
   "pos_fwd": 47,
   "pos_left": 0,
   "pos_up": 4,
   "scale_fwd": 3,
   "scale_left": 3,
   "scale_up": 3,
   "rot_fwd": 0,
   "rot_left": 0,
   "rot_up": 0,
   "anim1": 2,
   "anim2": 6,
   "anim3": "",
   "anim4": ""
 },
 {
   "type": "collectable",
   "model": "coin",
   "texture": "coin.png",
   "is_static": false,
   "pos_fwd": 48,
   "pos_left": 0,
   "pos_up": 4,
   "scale_fwd": 3,
   "scale_left": 3,
   "scale_up": 3,
   "rot_fwd": 0,
   "rot_left": 0,
   "rot_up": 0,
   "anim1": 2,
   "anim2": 6,
   "anim3": "",
   "anim4": ""
 },
 {
   "type": "collectable",
   "model": "coin",
   "texture": "coin.png",
   "is_static": false,
   "pos_fwd": 49,
   "pos_left": 0,
   "pos_up": 4,
   "scale_fwd": 3,
   "scale_left": 3,
   "scale_up": 3,
   "rot_fwd": 0,
   "rot_left": 0,
   "rot_up": 0,
   "anim1": 2,
   "anim2": 6,
   "anim3": "",
   "anim4": ""
 },
 {
   "type": "collectable",
   "model": "coin",
   "texture": "coin.png",
   "is_static": false,
   "pos_fwd": 50,
   "pos_left": 0,
   "pos_up": 4,
   "scale_fwd": 3,
   "scale_left": 3,
   "scale_up": 3,
   "rot_fwd": 0,
   "rot_left": 0,
   "rot_up": 0,
   "anim1": 2,
   "anim2": 6,
   "anim3": "",
   "anim4": ""
 },
 {
   "type": "collectable",
   "model": "coin",
   "texture": "coin.png",
   "is_static": false,
   "pos_fwd": 51,
   "pos_left": 0,
   "pos_up": 4,
   "scale_fwd": 3,
   "scale_left": 3,
   "scale_up": 3,
   "rot_fwd": 0,
   "rot_left": 0,
   "rot_up": 0,
   "anim1": 2,
   "anim2": 6,
   "anim3": "",
   "anim4": ""
 },
 {
   "type": "obstacle",
   "model": "cloud",
   "texture": "cloud.jpg",
   "is_static": true,
   "pos_fwd": 56,
   "pos_left": 1,
   "pos_up": 5,
   "scale_fwd": 3,
   "scale_left": 3,
   "scale_up": 3,
   "rot_fwd": 0,
   "rot_left": 0,
   "rot_up": 0,
   "anim1": null,
   "anim2": null,
   "anim3": "",
   "anim4": ""
 },
 {
   "type": "obstacle",
   "model": "cloud",
   "texture": "cloud.jpg",
   "is_static": true,
   "pos_fwd": 57,
   "pos_left": 1.5,
   "pos_up": 5,
   "scale_fwd": 3,
   "scale_left": 3,
   "scale_up": 3,
   "rot_fwd": 0,
   "rot_left": 0,
   "rot_up": 0,
   "anim1": null,
   "anim2": null,
   "anim3": "",
   "anim4": ""
 },
 {
   "type": "obstacle",
   "model": "cloud",
   "texture": "cloud.jpg",
   "is_static": true,
   "pos_fwd": 58,
   "pos_left": 2,
   "pos_up": 5,
   "scale_fwd": 3,
   "scale_left": 3,
   "scale_up": 3,
   "rot_fwd": 0,
   "rot_left": 0,
   "rot_up": 0,
   "anim1": null,
   "anim2": null,
   "anim3": "",
   "anim4": ""
 },
 {
   "type": "obstacle",
   "model": "cloud",
   "texture": "cloud.jpg",
   "is_static": true,
   "pos_fwd": 59,
   "pos_left": 2.5,
   "pos_up": 5,
   "scale_fwd": 3,
   "scale_left": 3,
   "scale_up": 3,
   "rot_fwd": 0,
   "rot_left": 0,
   "rot_up": 0,
   "anim1": null,
   "anim2": null,
   "anim3": "",
   "anim4": ""
 },
 {
   "type": "obstacle",
   "model": "cloud",
   "texture": "cloud.jpg",
   "is_static": true,
   "pos_fwd": 60,
   "pos_left": 3,
   "pos_up": 5,
   "scale_fwd": 3,
   "scale_left": 3,
   "scale_up": 3,
   "rot_fwd": 0,
   "rot_left": 0,
   "rot_up": 0,
   "anim1": null,
   "anim2": null,
   "anim3": "",
   "anim4": ""
 },
 {
   "type": "obstacle",
   "model": "cloud",
   "texture": "cloud.jpg",
   "is_static": true,
   "pos_fwd": 61,
   "pos_left": 3.5,
   "pos_up": 5,
   "scale_fwd": 3,
   "scale_left": 3,
   "scale_up": 3,
   "rot_fwd": 0,
   "rot_left": 0,
   "rot_up": 0,
   "anim1": null,
   "anim2": null,
   "anim3": "",
   "anim4": ""
 },
 {
   "type": "obstacle",
   "model": "cloud",
   "texture": "cloud.jpg",
   "is_static": true,
   "pos_fwd": 62,
   "pos_left": 4,
   "pos_up": 5,
   "scale_fwd": 3,
   "scale_left": 3,
   "scale_up": 3,
   "rot_fwd": 0,
   "rot_left": 0,
   "rot_up": 0,
   "anim1": null,
   "anim2": null,
   "anim3": "",
   "anim4": ""
 },
 {
   "type": "obstacle",
   "model": "cloud",
   "texture": "cloud.jpg",
   "is_static": true,
   "pos_fwd": 63,
   "pos_left": 4.5,
   "pos_up": 5,
   "scale_fwd": 3,
   "scale_left": 3,
   "scale_up": 3,
   "rot_fwd": 0,
   "rot_left": 0,
   "rot_up": 0,
   "anim1": null,
   "anim2": null,
   "anim3": "",
   "anim4": ""
 },
 {
   "type": "obstacle",
   "model": "cloud",
   "texture": "cloud.jpg",
   "is_static": true,
   "pos_fwd": 64,
   "pos_left": 5,
   "pos_up": 5,
   "scale_fwd": 3,
   "scale_left": 3,
   "scale_up": 3,
   "rot_fwd": 0,
   "rot_left": 0,
   "rot_up": 0,
   "anim1": null,
   "anim2": null,
   "anim3": "",
   "anim4": ""
 },
 {
   "type": "obstacle",
   "model": "cloud",
   "texture": "cloud.jpg",
   "is_static": true,
   "pos_fwd": 65,
   "pos_left": 5.5,
   "pos_up": 5,
   "scale_fwd": 3,
   "scale_left": 3,
   "scale_up": 3,
   "rot_fwd": 0,
   "rot_left": 0,
   "rot_up": 0,
   "anim1": null,
   "anim2": null,
   "anim3": "",
   "anim4": ""
 },
 {
   "type": "obstacle",
   "model": "cloud",
   "texture": "cloud.jpg",
   "is_static": true,
   "pos_fwd": 66,
   "pos_left": 6,
   "pos_up": 5,
   "scale_fwd": 3,
   "scale_left": 3,
   "scale_up": 3,
   "rot_fwd": 0,
   "rot_left": 0,
   "rot_up": 0,
   "anim1": null,
   "anim2": null,
   "anim3": "",
   "anim4": ""
 },
 {
   "type": "obstacle",
   "model": "cloud",
   "texture": "cloud.jpg",
   "is_static": true,
   "pos_fwd": 67,
   "pos_left": 6.5,
   "pos_up": 5,
   "scale_fwd": 3,
   "scale_left": 3,
   "scale_up": 3,
   "rot_fwd": 0,
   "rot_left": 0,
   "rot_up": 0,
   "anim1": null,
   "anim2": null,
   "anim3": "",
   "anim4": ""
 },
 {
   "type": "obstacle",
   "model": "cloud",
   "texture": "cloud.jpg",
   "is_static": true,
   "pos_fwd": 68,
   "pos_left": 7,
   "pos_up": 5,
   "scale_fwd": 3,
   "scale_left": 3,
   "scale_up": 3,
   "rot_fwd": 0,
   "rot_left": 0,
   "rot_up": 0,
   "anim1": null,
   "anim2": null,
   "anim3": "",
   "anim4": ""
 },
 {
   "type": "obstacle",
   "model": "cloud",
   "texture": "cloud.jpg",
   "is_static": true,
   "pos_fwd": 69,
   "pos_left": 7.5,
   "pos_up": 5,
   "scale_fwd": 3,
   "scale_left": 3,
   "scale_up": 3,
   "rot_fwd": 0,
   "rot_left": 0,
   "rot_up": 0,
   "anim1": null,
   "anim2": null,
   "anim3": "",
   "anim4": ""
 },
 {
   "type": "obstacle",
   "model": "cloud",
   "texture": "cloud.jpg",
   "is_static": true,
   "pos_fwd": 70,
   "pos_left": 8,
   "pos_up": 5,
   "scale_fwd": 3,
   "scale_left": 3,
   "scale_up": 3,
   "rot_fwd": 0,
   "rot_left": 0,
   "rot_up": 0,
   "anim1": null,
   "anim2": null,
   "anim3": "",
   "anim4": ""
 },
 {
   "type": "obstacle",
   "model": "cloud",
   "texture": "cloud.jpg",
   "is_static": true,
   "pos_fwd": 71,
   "pos_left": 8.5,
   "pos_up": 5,
   "scale_fwd": 3,
   "scale_left": 3,
   "scale_up": 3,
   "rot_fwd": 0,
   "rot_left": 0,
   "rot_up": 0,
   "anim1": null,
   "anim2": null,
   "anim3": "",
   "anim4": ""
 },
 {
   "type": "obstacle",
   "model": "cloud",
   "texture": "cloud.jpg",
   "is_static": true,
   "pos_fwd": 72,
   "pos_left": 9,
   "pos_up": 5,
   "scale_fwd": 3,
   "scale_left": 3,
   "scale_up": 3,
   "rot_fwd": 0,
   "rot_left": 0,
   "rot_up": 0,
   "anim1": null,
   "anim2": null,
   "anim3": "",
   "anim4": ""
 },
 {
   "type": "obstacle",
   "model": "cloud",
   "texture": "cloud.jpg",
   "is_static": true,
   "pos_fwd": 73,
   "pos_left": 9.5,
   "pos_up": 5,
   "scale_fwd": 3,
   "scale_left": 3,
   "scale_up": 3,
   "rot_fwd": 0,
   "rot_left": 0,
   "rot_up": 0,
   "anim1": null,
   "anim2": null,
   "anim3": "",
   "anim4": ""
 },
 {
   "type": "obstacle",
   "model": "cloud",
   "texture": "cloud.jpg",
   "is_static": true,
   "pos_fwd": 74,
   "pos_left": 10,
   "pos_up": 5,
   "scale_fwd": 3,
   "scale_left": 3,
   "scale_up": 3,
   "rot_fwd": 0,
   "rot_left": 0,
   "rot_up": 0,
   "anim1": null,
   "anim2": null,
   "anim3": "",
   "anim4": ""
 },
 {
   "type": "obstacle",
   "model": "cloud",
   "texture": "cloud.jpg",
   "is_static": true,
   "pos_fwd": 75,
   "pos_left": 10.5,
   "pos_up": 5,
   "scale_fwd": 3,
   "scale_left": 3,
   "scale_up": 3,
   "rot_fwd": 0,
   "rot_left": 0,
   "rot_up": 0,
   "anim1": null,
   "anim2": null,
   "anim3": "",
   "anim4": ""
 },
 {
   "type": "obstacle",
   "model": "cloud",
   "texture": "cloud.jpg",
   "is_static": true,
   "pos_fwd": 76,
   "pos_left": 2,
   "pos_up": 13,
   "scale_fwd": 3,
   "scale_left": 3,
   "scale_up": 3,
   "rot_fwd": 0,
   "rot_left": 0,
   "rot_up": 0,
   "anim1": 6,
   "anim2": null,
   "anim3": "",
   "anim4": ""
 },
 {
   "type": "obstacle",
   "model": "cloud",
   "texture": "cloud.jpg",
   "is_static": true,
   "pos_fwd": 77,
   "pos_left": 1,
   "pos_up": 9,
   "scale_fwd": 3,
   "scale_left": 3,
   "scale_up": 3,
   "rot_fwd": 0,
   "rot_left": 0,
   "rot_up": 0,
   "anim1": 6,
   "anim2": null,
   "anim3": "",
   "anim4": ""
 },
 {
   "type": "obstacle",
   "model": "cloud",
   "texture": "cloud.jpg",
   "is_static": true,
   "pos_fwd": 78,
   "pos_left": 4,
   "pos_up": 3,
   "scale_fwd": 3,
   "scale_left": 3,
   "scale_up": 3,
   "rot_fwd": 0,
   "rot_left": 0,
   "rot_up": 0,
   "anim1": 6,
   "anim2": null,
   "anim3": "",
   "anim4": ""
 },
 {
   "type": "obstacle",
   "model": "cloud",
   "texture": "cloud.jpg",
   "is_static": true,
   "pos_fwd": 79,
   "pos_left": 5,
   "pos_up": 3,
   "scale_fwd": 3,
   "scale_left": 3,
   "scale_up": 3,
   "rot_fwd": 0,
   "rot_left": 0,
   "rot_up": 0,
   "anim1": 6,
   "anim2": null,
   "anim3": "",
   "anim4": ""
 },
 {
   "type": "obstacle",
   "model": "cloud",
   "texture": "cloud.jpg",
   "is_static": true,
   "pos_fwd": 80,
   "pos_left": 6,
   "pos_up": 15,
   "scale_fwd": 3,
   "scale_left": 3,
   "scale_up": 3,
   "rot_fwd": 0,
   "rot_left": 0,
   "rot_up": 0,
   "anim1": 6,
   "anim2": null,
   "anim3": "",
   "anim4": ""
 },
 {
   "type": "obstacle",
   "model": "cloud",
   "texture": "cloud.jpg",
   "is_static": true,
   "pos_fwd": 81,
   "pos_left": 3,
   "pos_up": 10,
   "scale_fwd": 3,
   "scale_left": 3,
   "scale_up": 3,
   "rot_fwd": 0,
   "rot_left": 0,
   "rot_up": 0,
   "anim1": 6,
   "anim2": null,
   "anim3": "",
   "anim4": ""
 },
 {
   "type": "obstacle",
   "model": "cloud",
   "texture": "cloud.jpg",
   "is_static": true,
   "pos_fwd": 82,
   "pos_left": 0,
   "pos_up": 11,
   "scale_fwd": 3,
   "scale_left": 3,
   "scale_up": 3,
   "rot_fwd": 0,
   "rot_left": 0,
   "rot_up": 0,
   "anim1": 6,
   "anim2": null,
   "anim3": "",
   "anim4": ""
 },
 {
   "type": "obstacle",
   "model": "cloud",
   "texture": "cloud.jpg",
   "is_static": true,
   "pos_fwd": 83,
   "pos_left": 0,
   "pos_up": 8,
   "scale_fwd": 3,
   "scale_left": 3,
   "scale_up": 3,
   "rot_fwd": 0,
   "rot_left": 0,
   "rot_up": 0,
   "anim1": 6,
   "anim2": null,
   "anim3": "",
   "anim4": ""
 },
 {
   "type": "obstacle",
   "model": "cloud",
   "texture": "cloud.jpg",
   "is_static": true,
   "pos_fwd": 84,
   "pos_left": 5,
   "pos_up": 4,
   "scale_fwd": 3,
   "scale_left": 3,
   "scale_up": 3,
   "rot_fwd": 0,
   "rot_left": 0,
   "rot_up": 0,
   "anim1": 6,
   "anim2": null,
   "anim3": "",
   "anim4": ""
 },
 {
   "type": "obstacle",
   "model": "cloud",
   "texture": "cloud.jpg",
   "is_static": true,
   "pos_fwd": 85,
   "pos_left": 3,
   "pos_up": 2,
   "scale_fwd": 3,
   "scale_left": 3,
   "scale_up": 3,
   "rot_fwd": 0,
   "rot_left": 0,
   "rot_up": 0,
   "anim1": 6,
   "anim2": null,
   "anim3": "",
   "anim4": ""
 },
 {
   "type": "obstacle",
   "model": "cloud",
   "texture": "cloud.jpg",
   "is_static": true,
   "pos_fwd": 86,
   "pos_left": 2,
   "pos_up": 13,
   "scale_fwd": 3,
   "scale_left": 3,
   "scale_up": 3,
   "rot_fwd": 0,
   "rot_left": 0,
   "rot_up": 0,
   "anim1": 6,
   "anim2": null,
   "anim3": "",
   "anim4": ""
 },
 {
   "type": "obstacle",
   "model": "cloud",
   "texture": "cloud.jpg",
   "is_static": true,
   "pos_fwd": 87,
   "pos_left": 6,
   "pos_up": 8,
   "scale_fwd": 3,
   "scale_left": 3,
   "scale_up": 3,
   "rot_fwd": 0,
   "rot_left": 0,
   "rot_up": 0,
   "anim1": 6,
   "anim2": null,
   "anim3": "",
   "anim4": ""
 },
 {
   "type": "obstacle",
   "model": "cloud",
   "texture": "cloud.jpg",
   "is_static": true,
   "pos_fwd": 88,
   "pos_left": 0,
   "pos_up": 10,
   "scale_fwd": 3,
   "scale_left": 3,
   "scale_up": 3,
   "rot_fwd": 0,
   "rot_left": 0,
   "rot_up": 0,
   "anim1": 6,
   "anim2": null,
   "anim3": "",
   "anim4": ""
 },
 {
   "type": "obstacle",
   "model": "cloud",
   "texture": "cloud.jpg",
   "is_static": true,
   "pos_fwd": 89,
   "pos_left": 0,
   "pos_up": 6,
   "scale_fwd": 3,
   "scale_left": 3,
   "scale_up": 3,
   "rot_fwd": 0,
   "rot_left": 0,
   "rot_up": 0,
   "anim1": 6,
   "anim2": null,
   "anim3": "",
   "anim4": ""
 },
 {
   "type": "obstacle",
   "model": "cloud",
   "texture": "cloud.jpg",
   "is_static": true,
   "pos_fwd": 90,
   "pos_left": 3,
   "pos_up": 5,
   "scale_fwd": 3,
   "scale_left": 3,
   "scale_up": 3,
   "rot_fwd": 0,
   "rot_left": 0,
   "rot_up": 0,
   "anim1": 6,
   "anim2": null,
   "anim3": "",
   "anim4": ""
 },
 {
   "type": "obstacle",
   "model": "cloud",
   "texture": "cloud.jpg",
   "is_static": true,
   "pos_fwd": 91,
   "pos_left": 3,
   "pos_up": 13,
   "scale_fwd": 3,
   "scale_left": 3,
   "scale_up": 3,
   "rot_fwd": 0,
   "rot_left": 0,
   "rot_up": 0,
   "anim1": 9,
   "anim2": null,
   "anim3": "",
   "anim4": ""
 },
 {
   "type": "obstacle",
   "model": "cloud",
   "texture": "cloud.jpg",
   "is_static": true,
   "pos_fwd": 92,
   "pos_left": 1,
   "pos_up": 9,
   "scale_fwd": 3,
   "scale_left": 3,
   "scale_up": 3,
   "rot_fwd": 0,
   "rot_left": 0,
   "rot_up": 0,
   "anim1": 9,
   "anim2": null,
   "anim3": "",
   "anim4": ""
 },
 {
   "type": "obstacle",
   "model": "cloud",
   "texture": "cloud.jpg",
   "is_static": true,
   "pos_fwd": 93,
   "pos_left": 5,
   "pos_up": 10,
   "scale_fwd": 3,
   "scale_left": 3,
   "scale_up": 3,
   "rot_fwd": 0,
   "rot_left": 0,
   "rot_up": 0,
   "anim1": 9,
   "anim2": null,
   "anim3": "",
   "anim4": ""
 },
 {
   "type": "obstacle",
   "model": "cloud",
   "texture": "cloud.jpg",
   "is_static": true,
   "pos_fwd": 94,
   "pos_left": 1,
   "pos_up": 11,
   "scale_fwd": 3,
   "scale_left": 3,
   "scale_up": 3,
   "rot_fwd": 0,
   "rot_left": 0,
   "rot_up": 0,
   "anim1": 9,
   "anim2": null,
   "anim3": "",
   "anim4": ""
 },
 {
   "type": "obstacle",
   "model": "cloud",
   "texture": "cloud.jpg",
   "is_static": true,
   "pos_fwd": 95,
   "pos_left": 4,
   "pos_up": 8,
   "scale_fwd": 3,
   "scale_left": 3,
   "scale_up": 3,
   "rot_fwd": 0,
   "rot_left": 0,
   "rot_up": 0,
   "anim1": 9,
   "anim2": null,
   "anim3": "",
   "anim4": ""
 },
 {
   "type": "obstacle",
   "model": "cloud",
   "texture": "cloud.jpg",
   "is_static": true,
   "pos_fwd": 96,
   "pos_left": 6,
   "pos_up": 6,
   "scale_fwd": 3,
   "scale_left": 3,
   "scale_up": 3,
   "rot_fwd": 0,
   "rot_left": 0,
   "rot_up": 0,
   "anim1": 9,
   "anim2": null,
   "anim3": "",
   "anim4": ""
 },
 {
   "type": "obstacle",
   "model": "cloud",
   "texture": "cloud.jpg",
   "is_static": true,
   "pos_fwd": 97,
   "pos_left": 6,
   "pos_up": 6,
   "scale_fwd": 3,
   "scale_left": 3,
   "scale_up": 3,
   "rot_fwd": 0,
   "rot_left": 0,
   "rot_up": 0,
   "anim1": 9,
   "anim2": null,
   "anim3": "",
   "anim4": ""
 },
 {
   "type": "obstacle",
   "model": "cloud",
   "texture": "cloud.jpg",
   "is_static": true,
   "pos_fwd": 98,
   "pos_left": 6,
   "pos_up": 3,
   "scale_fwd": 3,
   "scale_left": 3,
   "scale_up": 3,
   "rot_fwd": 0,
   "rot_left": 0,
   "rot_up": 0,
   "anim1": 9,
   "anim2": null,
   "anim3": "",
   "anim4": ""
 },
 {
   "type": "obstacle",
   "model": "cloud",
   "texture": "cloud.jpg",
   "is_static": true,
   "pos_fwd": 99,
   "pos_left": 0,
   "pos_up": 15,
   "scale_fwd": 3,
   "scale_left": 3,
   "scale_up": 3,
   "rot_fwd": 0,
   "rot_left": 0,
   "rot_up": 0,
   "anim1": 9,
   "anim2": null,
   "anim3": "",
   "anim4": ""
 },
 {
   "type": "obstacle",
   "model": "cloud",
   "texture": "cloud.jpg",
   "is_static": true,
   "pos_fwd": 100,
   "pos_left": 2,
   "pos_up": 10,
   "scale_fwd": 3,
   "scale_left": 3,
   "scale_up": 3,
   "rot_fwd": 0,
   "rot_left": 0,
   "rot_up": 0,
   "anim1": 9,
   "anim2": null,
   "anim3": "",
   "anim4": ""
 },
 {
   "type": "obstacle",
   "model": "cloud",
   "texture": "cloud.jpg",
   "is_static": true,
   "pos_fwd": 101,
   "pos_left": 5,
   "pos_up": 8,
   "scale_fwd": 3,
   "scale_left": 3,
   "scale_up": 3,
   "rot_fwd": 0,
   "rot_left": 0,
   "rot_up": 0,
   "anim1": 9,
   "anim2": null,
   "anim3": "",
   "anim4": ""
 },
 {
   "type": "obstacle",
   "model": "cloud",
   "texture": "cloud.jpg",
   "is_static": true,
   "pos_fwd": 102,
   "pos_left": 6,
   "pos_up": 3,
   "scale_fwd": 3,
   "scale_left": 3,
   "scale_up": 3,
   "rot_fwd": 0,
   "rot_left": 0,
   "rot_up": 0,
   "anim1": 9,
   "anim2": null,
   "anim3": "",
   "anim4": ""
 },
 {
   "type": "obstacle",
   "model": "cloud",
   "texture": "cloud.jpg",
   "is_static": true,
   "pos_fwd": 103,
   "pos_left": 3,
   "pos_up": 7,
   "scale_fwd": 3,
   "scale_left": 3,
   "scale_up": 3,
   "rot_fwd": 0,
   "rot_left": 0,
   "rot_up": 0,
   "anim1": 9,
   "anim2": null,
   "anim3": "",
   "anim4": ""
 },
 {
   "type": "obstacle",
   "model": "cloud",
   "texture": "cloud.jpg",
   "is_static": true,
   "pos_fwd": 104,
   "pos_left": 2,
   "pos_up": 3,
   "scale_fwd": 3,
   "scale_left": 3,
   "scale_up": 3,
   "rot_fwd": 0,
   "rot_left": 0,
   "rot_up": 0,
   "anim1": 9,
   "anim2": null,
   "anim3": "",
   "anim4": ""
 },
 {
   "type": "obstacle",
   "model": "cloud",
   "texture": "cloud.jpg",
   "is_static": true,
   "pos_fwd": 105,
   "pos_left": 0,
   "pos_up": 11,
   "scale_fwd": 3,
   "scale_left": 3,
   "scale_up": 3,
   "rot_fwd": 0,
   "rot_left": 0,
   "rot_up": 0,
   "anim1": 9,
   "anim2": null,
   "anim3": "",
   "anim4": ""
 },
 {
   "type": "obstacle",
   "model": "cloud",
   "texture": "cloud.jpg",
   "is_static": true,
   "pos_fwd": 106,
   "pos_left": 4,
   "pos_up": 15,
   "scale_fwd": 3,
   "scale_left": 3,
   "scale_up": 3,
   "rot_fwd": 0,
   "rot_left": 0,
   "rot_up": 0,
   "anim1": 9,
   "anim2": null,
   "anim3": "",
   "anim4": ""
 },
 {
   "type": "obstacle",
   "model": "cloud",
   "texture": "cloud.jpg",
   "is_static": true,
   "pos_fwd": 107,
   "pos_left": 4,
   "pos_up": 10,
   "scale_fwd": 3,
   "scale_left": 3,
   "scale_up": 3,
   "rot_fwd": 0,
   "rot_left": 0,
   "rot_up": 0,
   "anim1": 9,
   "anim2": null,
   "anim3": "",
   "anim4": ""
 },
 {
   "type": "obstacle",
   "model": "cloud",
   "texture": "cloud.jpg",
   "is_static": true,
   "pos_fwd": 108,
   "pos_left": 1,
   "pos_up": 3,
   "scale_fwd": 3,
   "scale_left": 3,
   "scale_up": 3,
   "rot_fwd": 0,
   "rot_left": 0,
   "rot_up": 0,
   "anim1": 9,
   "anim2": null,
   "anim3": "",
   "anim4": ""
 },
 {
   "type": "obstacle",
   "model": "cloud",
   "texture": "cloud.jpg",
   "is_static": true,
   "pos_fwd": 109,
   "pos_left": 2,
   "pos_up": 3,
   "scale_fwd": 3,
   "scale_left": 3,
   "scale_up": 3,
   "rot_fwd": 0,
   "rot_left": 0,
   "rot_up": 0,
   "anim1": 9,
   "anim2": null,
   "anim3": "",
   "anim4": ""
 },
 {
   "type": "obstacle",
   "model": "cloud",
   "texture": "cloud.jpg",
   "is_static": true,
   "pos_fwd": 110,
   "pos_left": 5,
   "pos_up": 15,
   "scale_fwd": 3,
   "scale_left": 3,
   "scale_up": 3,
   "rot_fwd": 0,
   "rot_left": 0,
   "rot_up": 0,
   "anim1": 9,
   "anim2": null,
   "anim3": "",
   "anim4": ""
 }
]