[
 {
   "type": "collectable",
   "model": "coin",
   "texture": "coin.png",
   "is_static": false,
   "pos_fwd": 10,
   "pos_left": 0,
   "pos_up": 4,
   "scale_fwd": 3,
   "scale_left": 3,
   "scale_up": 3,
   "rot_fwd": 0,
   "rot_left": 0,
   "rot_up": 0,
   "anim1": 2,
   "anim2": "",
   "anim3": "",
   "anim4": ""
 },
 {
   "type": "collectable",
   "model": "coin",
   "texture": "coin.png",
   "is_static": false,
   "pos_fwd": 12,
   "pos_left": 4,
   "pos_up": 3,
   "scale_fwd": 3,
   "scale_left": 3,
   "scale_up": 3,
   "rot_fwd": 0,
   "rot_left": 0,
   "rot_up": 0,
   "anim1": 2,
   "anim2": "",
   "anim3": "",
   "anim4": ""
 },
 {
   "type": "collectable",
   "model": "coin",
   "texture": "coin.png",
   "is_static": false,
   "pos_fwd": 14,
   "pos_left": 4,
   "pos_up": 11,
   "scale_fwd": 3,
   "scale_left": 3,
   "scale_up": 3,
   "rot_fwd": 0,
   "rot_left": 0,
   "rot_up": 0,
   "anim1": 2,
   "anim2": "",
   "anim3": "",
   "anim4": ""
 },
 {
   "type": "collectable",
   "model": "coin",
   "texture": "coin.png",
   "is_static": false,
   "pos_fwd": 16,
   "pos_left": 1,
   "pos_up": 4,
   "scale_fwd": 3,
   "scale_left": 3,
   "scale_up": 3,
   "rot_fwd": 0,
   "rot_left": 0,
   "rot_up": 0,
   "anim1": 2,
   "anim2": "",
   "anim3": "",
   "anim4": ""
 },
 {
   "type": "collectable",
   "model": "coin",
   "texture": "coin.png",
   "is_static": false,
   "pos_fwd": 18,
   "pos_left": 6,
   "pos_up": 15,
   "scale_fwd": 3,
   "scale_left": 3,
   "scale_up": 3,
   "rot_fwd": 0,
   "rot_left": 0,
   "rot_up": 0,
   "anim1": 2,
   "anim2": "",
   "anim3": "",
   "anim4": ""
 },
 {
   "type": "collectable",
   "model": "coin",
   "texture": "coin.png",
   "is_static": false,
   "pos_fwd": 20,
   "pos_left": 6,
   "pos_up": 5,
   "scale_fwd": 3,
   "scale_left": 3,
   "scale_up": 3,
   "rot_fwd": 0,
   "rot_left": 0,
   "rot_up": 0,
   "anim1": 2,
   "anim2": "",
   "anim3": "",
   "anim4": ""
 },
 {
   "type": "collectable",
   "model": "coin",
   "texture": "coin.png",
   "is_static": false,
   "pos_fwd": 22,
   "pos_left": 1,
   "pos_up": 4,
   "scale_fwd": 3,
   "scale_left": 3,
   "scale_up": 3,
   "rot_fwd": 0,
   "rot_left": 0,
   "rot_up": 0,
   "anim1": 2,
   "anim2": "",
   "anim3": "",
   "anim4": ""
 },
 {
   "type": "collectable",
   "model": "coin",
   "texture": "coin.png",
   "is_static": false,
   "pos_fwd": 24,
   "pos_left": 2,
   "pos_up": 9,
   "scale_fwd": 3,
   "scale_left": 3,
   "scale_up": 3,
   "rot_fwd": 0,
   "rot_left": 0,
   "rot_up": 0,
   "anim1": 2,
   "anim2": "",
   "anim3": "",
   "anim4": ""
 },
 {
   "type": "collectable",
   "model": "coin",
   "texture": "coin.png",
   "is_static": false,
   "pos_fwd": 26,
   "pos_left": 6,
   "pos_up": 6,
   "scale_fwd": 3,
   "scale_left": 3,
   "scale_up": 3,
   "rot_fwd": 0,
   "rot_left": 0,
   "rot_up": 0,
   "anim1": 2,
   "anim2": "",
   "anim3": "",
   "anim4": ""
 },
 {
   "type": "collectable",
   "model": "coin",
   "texture": "coin.png",
   "is_static": false,
   "pos_fwd": 28,
   "pos_left": 1,
   "pos_up": 5,
   "scale_fwd": 3,
   "scale_left": 3,
   "scale_up": 3,
   "rot_fwd": 0,
   "rot_left": 0,
   "rot_up": 0,
   "anim1": 2,
   "anim2": "",
   "anim3": "",
   "anim4": ""
 },
 {
   "type": "collectable",
   "model": "coin",
   "texture": "coin.png",
   "is_static": false,
   "pos_fwd": 30,
   "pos_left": 2,
   "pos_up": 7,
   "scale_fwd": 3,
   "scale_left": 3,
   "scale_up": 3,
   "rot_fwd": 0,
   "rot_left": 0,
   "rot_up": 0,
   "anim1": 2,
   "anim2": "",
   "anim3": "",
   "anim4": ""
 },
 {
   "type": "collectable",
   "model": "coin",
   "texture": "coin.png",
   "is_static": false,
   "pos_fwd": 32,
   "pos_left": 1,
   "pos_up": 10,
   "scale_fwd": 3,
   "scale_left": 3,
   "scale_up": 3,
   "rot_fwd": 0,
   "rot_left": 0,
   "rot_up": 0,
   "anim1": 2,
   "anim2": "",
   "anim3": "",
   "anim4": ""
 },
 {
   "type": "collectable",
   "model": "coin",
   "texture": "coin.png",
   "is_static": false,
   "pos_fwd": 34,
   "pos_left": 4,
   "pos_up": 9,
   "scale_fwd": 3,
   "scale_left": 3,
   "scale_up": 3,
   "rot_fwd": 0,
   "rot_left": 0,
   "rot_up": 0,
   "anim1": 2,
   "anim2": "",
   "anim3": "",
   "anim4": ""
 },
 {
   "type": "collectable",
   "model": "coin",
   "texture": "coin.png",
   "is_static": false,
   "pos_fwd": 36,
   "pos_left": 0,
   "pos_up": 7,
   "scale_fwd": 3,
   "scale_left": 3,
   "scale_up": 3,
   "rot_fwd": 0,
   "rot_left": 0,
   "rot_up": 0,
   "anim1": 2,
   "anim2": "",
   "anim3": "",
   "anim4": ""
 },
 {
   "type": "collectable",
   "model": "coin",
   "texture": "coin.png",
   "is_static": false,
   "pos_fwd": 38,
   "pos_left": 5,
   "pos_up": 9,
   "scale_fwd": 3,
   "scale_left": 3,
   "scale_up": 3,
   "rot_fwd": 0,
   "rot_left": 0,
   "rot_up": 0,
   "anim1": 2,
   "anim2": "",
   "anim3": "",
   "anim4": ""
 },
 {
   "type": "collectable",
   "model": "coin",
   "texture": "coin.png",
   "is_static": false,
   "pos_fwd": 40,
   "pos_left": 2,
   "pos_up": 6,
   "scale_fwd": 3,
   "scale_left": 3,
   "scale_up": 3,
   "rot_fwd": 0,
   "rot_left": 0,
   "rot_up": 0,
   "anim1": 2,
   "anim2": "",
   "anim3": "",
   "anim4": ""
 },
 {
   "type": "collectable",
   "model": "coin",
   "texture": "coin.png",
   "is_static": false,
   "pos_fwd": 42,
   "pos_left": 1,
   "pos_up": 9,
   "scale_fwd": 3,
   "scale_left": 3,
   "scale_up": 3,
   "rot_fwd": 0,
   "rot_left": 0,
   "rot_up": 0,
   "anim1": 2,
   "anim2": "",
   "anim3": "",
   "anim4": ""
 },
 {
   "type": "collectable",
   "model": "coin",
   "texture": "coin.png",
   "is_static": false,
   "pos_fwd": 44,
   "pos_left": 6,
   "pos_up": 6,
   "scale_fwd": 3,
   "scale_left": 3,
   "scale_up": 3,
   "rot_fwd": 0,
   "rot_left": 0,
   "rot_up": 0,
   "anim1": 2,
   "anim2": "",
   "anim3": "",
   "anim4": ""
 },
 {
   "type": "collectable",
   "model": "coin",
   "texture": "coin.png",
   "is_static": false,
   "pos_fwd": 46,
   "pos_left": 5,
   "pos_up": 7,
   "scale_fwd": 3,
   "scale_left": 3,
   "scale_up": 3,
   "rot_fwd": 0,
   "rot_left": 0,
   "rot_up": 0,
   "anim1": 2,
   "anim2": "",
   "anim3": "",
   "anim4": ""
 },
 {
   "type": "collectable",
   "model": "coin",
   "texture": "coin.png",
   "is_static": false,
   "pos_fwd": 48,
   "pos_left": 4,
   "pos_up": 9,
   "scale_fwd": 3,
   "scale_left": 3,
   "scale_up": 3,
   "rot_fwd": 0,
   "rot_left": 0,
   "rot_up": 0,
   "anim1": 2,
   "anim2": "",
   "anim3": "",
   "anim4": ""
 },
 {
   "type": "collectable",
   "model": "coin",
   "texture": "coin.png",
   "is_static": false,
   "pos_fwd": 50,
   "pos_left": 4,
   "pos_up": 14,
   "scale_fwd": 3,
   "scale_left": 3,
   "scale_up": 3,
   "rot_fwd": 0,
   "rot_left": 0,
   "rot_up": 0,
   "anim1": 2,
   "anim2": "",
   "anim3": "",
   "anim4": ""
 },
 {
   "type": "collectable",
   "model": "coin",
   "texture": "coin.png",
   "is_static": false,
   "pos_fwd": 52,
   "pos_left": 1,
   "pos_up": 11,
   "scale_fwd": 3,
   "scale_left": 3,
   "scale_up": 3,
   "rot_fwd": 0,
   "rot_left": 0,
   "rot_up": 0,
   "anim1": 2,
   "anim2": "",
   "anim3": "",
   "anim4": ""
 },
 {
   "type": "collectable",
   "model": "coin",
   "texture": "coin.png",
   "is_static": false,
   "pos_fwd": 54,
   "pos_left": 1,
   "pos_up": 12,
   "scale_fwd": 3,
   "scale_left": 3,
   "scale_up": 3,
   "rot_fwd": 0,
   "rot_left": 0,
   "rot_up": 0,
   "anim1": 2,
   "anim2": "",
   "anim3": "",
   "anim4": ""
 },
 {
   "type": "collectable",
   "model": "coin",
   "texture": "coin.png",
   "is_static": false,
   "pos_fwd": 56,
   "pos_left": 5,
   "pos_up": 7,
   "scale_fwd": 3,
   "scale_left": 3,
   "scale_up": 3,
   "rot_fwd": 0,
   "rot_left": 0,
   "rot_up": 0,
   "anim1": 2,
   "anim2": "",
   "anim3": "",
   "anim4": ""
 },
 {
   "type": "collectable",
   "model": "coin",
   "texture": "coin.png",
   "is_static": false,
   "pos_fwd": 58,
   "pos_left": 4,
   "pos_up": 13,
   "scale_fwd": 3,
   "scale_left": 3,
   "scale_up": 3,
   "rot_fwd": 0,
   "rot_left": 0,
   "rot_up": 0,
   "anim1": 2,
   "anim2": "",
   "anim3": "",
   "anim4": ""
 },
 {
   "type": "collectable",
   "model": "coin",
   "texture": "coin.png",
   "is_static": false,
   "pos_fwd": 60,
   "pos_left": 3,
   "pos_up": 4,
   "scale_fwd": 3,
   "scale_left": 3,
   "scale_up": 3,
   "rot_fwd": 0,
   "rot_left": 0,
   "rot_up": 0,
   "anim1": 2,
   "anim2": "",
   "anim3": "",
   "anim4": ""
 },
 {
   "type": "collectable",
   "model": "coin",
   "texture": "coin.png",
   "is_static": false,
   "pos_fwd": 62,
   "pos_left": 5,
   "pos_up": 11,
   "scale_fwd": 3,
   "scale_left": 3,
   "scale_up": 3,
   "rot_fwd": 0,
   "rot_left": 0,
   "rot_up": 0,
   "anim1": 2,
   "anim2": "",
   "anim3": "",
   "anim4": ""
 },
 {
   "type": "collectable",
   "model": "coin",
   "texture": "coin.png",
   "is_static": false,
   "pos_fwd": 64,
   "pos_left": 6,
   "pos_up": 13,
   "scale_fwd": 3,
   "scale_left": 3,
   "scale_up": 3,
   "rot_fwd": 0,
   "rot_left": 0,
   "rot_up": 0,
   "anim1": 2,
   "anim2": "",
   "anim3": "",
   "anim4": ""
 },
 {
   "type": "collectable",
   "model": "coin",
   "texture": "coin.png",
   "is_static": false,
   "pos_fwd": 66,
   "pos_left": 4,
   "pos_up": 14,
   "scale_fwd": 3,
   "scale_left": 3,
   "scale_up": 3,
   "rot_fwd": 0,
   "rot_left": 0,
   "rot_up": 0,
   "anim1": 2,
   "anim2": "",
   "anim3": "",
   "anim4": ""
 },
 {
   "type": "collectable",
   "model": "coin",
   "texture": "coin.png",
   "is_static": false,
   "pos_fwd": 68,
   "pos_left": 4,
   "pos_up": 14,
   "scale_fwd": 3,
   "scale_left": 3,
   "scale_up": 3,
   "rot_fwd": 0,
   "rot_left": 0,
   "rot_up": 0,
   "anim1": 2,
   "anim2": "",
   "anim3": "",
   "anim4": ""
 },
 {
   "type": "collectable",
   "model": "coin",
   "texture": "coin.png",
   "is_static": false,
   "pos_fwd": 70,
   "pos_left": 5,
   "pos_up": 7,
   "scale_fwd": 3,
   "scale_left": 3,
   "scale_up": 3,
   "rot_fwd": 0,
   "rot_left": 0,
   "rot_up": 0,
   "anim1": 2,
   "anim2": "",
   "anim3": "",
   "anim4": ""
 },
 {
   "type": "collectable",
   "model": "coin",
   "texture": "coin.png",
   "is_static": false,
   "pos_fwd": 72,
   "pos_left": 2,
   "pos_up": 15,
   "scale_fwd": 3,
   "scale_left": 3,
   "scale_up": 3,
   "rot_fwd": 0,
   "rot_left": 0,
   "rot_up": 0,
   "anim1": 2,
   "anim2": "",
   "anim3": "",
   "anim4": ""
 },
 {
   "type": "collectable",
   "model": "coin",
   "texture": "coin.png",
   "is_static": false,
   "pos_fwd": 74,
   "pos_left": 4,
   "pos_up": 3,
   "scale_fwd": 3,
   "scale_left": 3,
   "scale_up": 3,
   "rot_fwd": 0,
   "rot_left": 0,
   "rot_up": 0,
   "anim1": 2,
   "anim2": "",
   "anim3": "",
   "anim4": ""
 },
 {
   "type": "collectable",
   "model": "coin",
   "texture": "coin.png",
   "is_static": false,
   "pos_fwd": 76,
   "pos_left": 2,
   "pos_up": 9,
   "scale_fwd": 3,
   "scale_left": 3,
   "scale_up": 3,
   "rot_fwd": 0,
   "rot_left": 0,
   "rot_up": 0,
   "anim1": 2,
   "anim2": "",
   "anim3": "",
   "anim4": ""
 },
 {
   "type": "collectable",
   "model": "coin",
   "texture": "coin.png",
   "is_static": false,
   "pos_fwd": 78,
   "pos_left": 3,
   "pos_up": 11,
   "scale_fwd": 3,
   "scale_left": 3,
   "scale_up": 3,
   "rot_fwd": 0,
   "rot_left": 0,
   "rot_up": 0,
   "anim1": 2,
   "anim2": "",
   "anim3": "",
   "anim4": ""
 },
 {
   "type": "collectable",
   "model": "coin",
   "texture": "coin.png",
   "is_static": false,
   "pos_fwd": 80,
   "pos_left": 0,
   "pos_up": 10,
   "scale_fwd": 3,
   "scale_left": 3,
   "scale_up": 3,
   "rot_fwd": 0,
   "rot_left": 0,
   "rot_up": 0,
   "anim1": 2,
   "anim2": "",
   "anim3": "",
   "anim4": ""
 },
 {
   "type": "collectable",
   "model": "coin",
   "texture": "coin.png",
   "is_static": false,
   "pos_fwd": 82,
   "pos_left": 2,
   "pos_up": 4,
   "scale_fwd": 3,
   "scale_left": 3,
   "scale_up": 3,
   "rot_fwd": 0,
   "rot_left": 0,
   "rot_up": 0,
   "anim1": 2,
   "anim2": "",
   "anim3": "",
   "anim4": ""
 },
 {
   "type": "collectable",
   "model": "coin",
   "texture": "coin.png",
   "is_static": false,
   "pos_fwd": 84,
   "pos_left": 4,
   "pos_up": 7,
   "scale_fwd": 3,
   "scale_left": 3,
   "scale_up": 3,
   "rot_fwd": 0,
   "rot_left": 0,
   "rot_up": 0,
   "anim1": 2,
   "anim2": "",
   "anim3": "",
   "anim4": ""
 },
 {
   "type": "collectable",
   "model": "coin",
   "texture": "coin.png",
   "is_static": false,
   "pos_fwd": 86,
   "pos_left": 4,
   "pos_up": 3,
   "scale_fwd": 3,
   "scale_left": 3,
   "scale_up": 3,
   "rot_fwd": 0,
   "rot_left": 0,
   "rot_up": 0,
   "anim1": 2,
   "anim2": "",
   "anim3": "",
   "anim4": ""
 },
 {
   "type": "collectable",
   "model": "coin",
   "texture": "coin.png",
   "is_static": false,
   "pos_fwd": 88,
   "pos_left": 2,
   "pos_up": 13,
   "scale_fwd": 3,
   "scale_left": 3,
   "scale_up": 3,
   "rot_fwd": 0,
   "rot_left": 0,
   "rot_up": 0,
   "anim1": 2,
   "anim2": "",
   "anim3": "",
   "anim4": ""
 },
 {
   "type": "collectable",
   "model": "coin",
   "texture": "coin.png",
   "is_static": false,
   "pos_fwd": 90,
   "pos_left": 3,
   "pos_up": 10,
   "scale_fwd": 3,
   "scale_left": 3,
   "scale_up": 3,
   "rot_fwd": 0,
   "rot_left": 0,
   "rot_up": 0,
   "anim1": 2,
   "anim2": "",
   "anim3": "",
   "anim4": ""
 },
 {
   "type": "collectable",
   "model": "coin",
   "texture": "coin.png",
   "is_static": false,
   "pos_fwd": 92,
   "pos_left": 2,
   "pos_up": 10,
   "scale_fwd": 3,
   "scale_left": 3,
   "scale_up": 3,
   "rot_fwd": 0,
   "rot_left": 0,
   "rot_up": 0,
   "anim1": 2,
   "anim2": "",
   "anim3": "",
   "anim4": ""
 },
 {
   "type": "collectable",
   "model": "coin",
   "texture": "coin.png",
   "is_static": false,
   "pos_fwd": 94,
   "pos_left": 5,
   "pos_up": 7,
   "scale_fwd": 3,
   "scale_left": 3,
   "scale_up": 3,
   "rot_fwd": 0,
   "rot_left": 0,
   "rot_up": 0,
   "anim1": 2,
   "anim2": "",
   "anim3": "",
   "anim4": ""
 },
 {
   "type": "collectable",
   "model": "coin",
   "texture": "coin.png",
   "is_static": false,
   "pos_fwd": 96,
   "pos_left": 1,
   "pos_up": 13,
   "scale_fwd": 3,
   "scale_left": 3,
   "scale_up": 3,
   "rot_fwd": 0,
   "rot_left": 0,
   "rot_up": 0,
   "anim1": 2,
   "anim2": "",
   "anim3": "",
   "anim4": ""
 },
 {
   "type": "collectable",
   "model": "coin",
   "texture": "coin.png",
   "is_static": false,
   "pos_fwd": 98,
   "pos_left": 1,
   "pos_up": 9,
   "scale_fwd": 3,
   "scale_left": 3,
   "scale_up": 3,
   "rot_fwd": 0,
   "rot_left": 0,
   "rot_up": 0,
   "anim1": 2,
   "anim2": "",
   "anim3": "",
   "anim4": ""
 },
 {
   "type": "collectable",
   "model": "coin",
   "texture": "coin.png",
   "is_static": false,
   "pos_fwd": 100,
   "pos_left": 5,
   "pos_up": 6,
   "scale_fwd": 3,
   "scale_left": 3,
   "scale_up": 3,
   "rot_fwd": 0,
   "rot_left": 0,
   "rot_up": 0,
   "anim1": 2,
   "anim2": "",
   "anim3": "",
   "anim4": ""
 },
 {
   "type": "collectable",
   "model": "coin",
   "texture": "coin.png",
   "is_static": false,
   "pos_fwd": 102,
   "pos_left": 1,
   "pos_up": 7,
   "scale_fwd": 3,
   "scale_left": 3,
   "scale_up": 3,
   "rot_fwd": 0,
   "rot_left": 0,
   "rot_up": 0,
   "anim1": 2,
   "anim2": "",
   "anim3": "",
   "anim4": ""
 },
 {
   "type": "collectable",
   "model": "coin",
   "texture": "coin.png",
   "is_static": false,
   "pos_fwd": 104,
   "pos_left": 4,
   "pos_up": 15,
   "scale_fwd": 3,
   "scale_left": 3,
   "scale_up": 3,
   "rot_fwd": 0,
   "rot_left": 0,
   "rot_up": 0,
   "anim1": 2,
   "anim2": "",
   "anim3": "",
   "anim4": ""
 },
 {
   "type": "collectable",
   "model": "coin",
   "texture": "coin.png",
   "is_static": false,
   "pos_fwd": 106,
   "pos_left": 0,
   "pos_up": 2,
   "scale_fwd": 3,
   "scale_left": 3,
   "scale_up": 3,
   "rot_fwd": 0,
   "rot_left": 0,
   "rot_up": 0,
   "anim1": 2,
   "anim2": "",
   "anim3": "",
   "anim4": ""
 },
 {
   "type": "collectable",
   "model": "coin",
   "texture": "coin.png",
   "is_static": false,
   "pos_fwd": 108,
   "pos_left": 4,
   "pos_up": 11,
   "scale_fwd": 3,
   "scale_left": 3,
   "scale_up": 3,
   "rot_fwd": 0,
   "rot_left": 0,
   "rot_up": 0,
   "anim1": 2,
   "anim2": "",
   "anim3": "",
   "anim4": ""
 },
 {
   "type": "collectable",
   "model": "coin",
   "texture": "coin.png",
   "is_static": false,
   "pos_fwd": 110,
   "pos_left": 0,
   "pos_up": 5,
   "scale_fwd": 3,
   "scale_left": 3,
   "scale_up": 3,
   "rot_fwd": 0,
   "rot_left": 0,
   "rot_up": 0,
   "anim1": 2,
   "anim2": "",
   "anim3": "",
   "anim4": ""
 },
 {
   "type": "collectable",
   "model": "coin",
   "texture": "coin.png",
   "is_static": false,
   "pos_fwd": 112,
   "pos_left": 1,
   "pos_up": 7,
   "scale_fwd": 3,
   "scale_left": 3,
   "scale_up": 3,
   "rot_fwd": 0,
   "rot_left": 0,
   "rot_up": 0,
   "anim1": 2,
   "anim2": "",
   "anim3": "",
   "anim4": ""
 },
 {
   "type": "collectable",
   "model": "coin",
   "texture": "coin.png",
   "is_static": false,
   "pos_fwd": 114,
   "pos_left": 4,
   "pos_up": 14,
   "scale_fwd": 3,
   "scale_left": 3,
   "scale_up": 3,
   "rot_fwd": 0,
   "rot_left": 0,
   "rot_up": 0,
   "anim1": 2,
   "anim2": "",
   "anim3": "",
   "anim4": ""
 },
 {
   "type": "collectable",
   "model": "coin",
   "texture": "coin.png",
   "is_static": false,
   "pos_fwd": 116,
   "pos_left": 6,
   "pos_up": 11,
   "scale_fwd": 3,
   "scale_left": 3,
   "scale_up": 3,
   "rot_fwd": 0,
   "rot_left": 0,
   "rot_up": 0,
   "anim1": 2,
   "anim2": "",
   "anim3": "",
   "anim4": ""
 },
 {
   "type": "collectable",
   "model": "coin",
   "texture": "coin.png",
   "is_static": false,
   "pos_fwd": 118,
   "pos_left": 4,
   "pos_up": 8,
   "scale_fwd": 3,
   "scale_left": 3,
   "scale_up": 3,
   "rot_fwd": 0,
   "rot_left": 0,
   "rot_up": 0,
   "anim1": 2,
   "anim2": "",
   "anim3": "",
   "anim4": ""
 },
 {
   "type": "collectable",
   "model": "coin",
   "texture": "coin.png",
   "is_static": false,
   "pos_fwd": 120,
   "pos_left": 4,
   "pos_up": 9,
   "scale_fwd": 3,
   "scale_left": 3,
   "scale_up": 3,
   "rot_fwd": 0,
   "rot_left": 0,
   "rot_up": 0,
   "anim1": 2,
   "anim2": "",
   "anim3": "",
   "anim4": ""
 },
 {
   "type": "collectable",
   "model": "coin",
   "texture": "coin.png",
   "is_static": false,
   "pos_fwd": 122,
   "pos_left": 3,
   "pos_up": 7,
   "scale_fwd": 3,
   "scale_left": 3,
   "scale_up": 3,
   "rot_fwd": 0,
   "rot_left": 0,
   "rot_up": 0,
   "anim1": 2,
   "anim2": "",
   "anim3": "",
   "anim4": ""
 },
 {
   "type": "collectable",
   "model": "coin",
   "texture": "coin.png",
   "is_static": false,
   "pos_fwd": 124,
   "pos_left": 4,
   "pos_up": 15,
   "scale_fwd": 3,
   "scale_left": 3,
   "scale_up": 3,
   "rot_fwd": 0,
   "rot_left": 0,
   "rot_up": 0,
   "anim1": 2,
   "anim2": "",
   "anim3": "",
   "anim4": ""
 },
 {
   "type": "collectable",
   "model": "coin",
   "texture": "coin.png",
   "is_static": false,
   "pos_fwd": 126,
   "pos_left": 1,
   "pos_up": 6,
   "scale_fwd": 3,
   "scale_left": 3,
   "scale_up": 3,
   "rot_fwd": 0,
   "rot_left": 0,
   "rot_up": 0,
   "anim1": 2,
   "anim2": "",
   "anim3": "",
   "anim4": ""
 },
 {
   "type": "collectable",
   "model": "coin",
   "texture": "coin.png",
   "is_static": false,
   "pos_fwd": 128,
   "pos_left": 5,
   "pos_up": 2,
   "scale_fwd": 3,
   "scale_left": 3,
   "scale_up": 3,
   "rot_fwd": 0,
   "rot_left": 0,
   "rot_up": 0,
   "anim1": 2,
   "anim2": "",
   "anim3": "",
   "anim4": ""
 },
 {
   "type": "collectable",
   "model": "coin",
   "texture": "coin.png",
   "is_static": false,
   "pos_fwd": 130,
   "pos_left": 2,
   "pos_up": 3,
   "scale_fwd": 3,
   "scale_left": 3,
   "scale_up": 3,
   "rot_fwd": 0,
   "rot_left": 0,
   "rot_up": 0,
   "anim1": 2,
   "anim2": "",
   "anim3": "",
   "anim4": ""
 },
 {
   "type": "collectable",
   "model": "coin",
   "texture": "coin.png",
   "is_static": false,
   "pos_fwd": 132,
   "pos_left": 4,
   "pos_up": 2,
   "scale_fwd": 3,
   "scale_left": 3,
   "scale_up": 3,
   "rot_fwd": 0,
   "rot_left": 0,
   "rot_up": 0,
   "anim1": 2,
   "anim2": "",
   "anim3": "",
   "anim4": ""
 },
 {
   "type": "collectable",
   "model": "coin",
   "texture": "coin.png",
   "is_static": false,
   "pos_fwd": 134,
   "pos_left": 5,
   "pos_up": 6,
   "scale_fwd": 3,
   "scale_left": 3,
   "scale_up": 3,
   "rot_fwd": 0,
   "rot_left": 0,
   "rot_up": 0,
   "anim1": 2,
   "anim2": "",
   "anim3": "",
   "anim4": ""
 },
 {
   "type": "collectable",
   "model": "coin",
   "texture": "coin.png",
   "is_static": false,
   "pos_fwd": 136,
   "pos_left": 3,
   "pos_up": 12,
   "scale_fwd": 3,
   "scale_left": 3,
   "scale_up": 3,
   "rot_fwd": 0,
   "rot_left": 0,
   "rot_up": 0,
   "anim1": 2,
   "anim2": "",
   "anim3": "",
   "anim4": ""
 },
 {
   "type": "obstacle",
   "model": "cloud",
   "texture": "cloud.jpg",
   "is_static": false,
   "pos_fwd": 137,
   "pos_left": 4,
   "pos_up": 8,
   "scale_fwd": 3,
   "scale_left": 3,
   "scale_up": 3,
   "rot_fwd": 0,
   "rot_left": 0,
   "rot_up": 0,
   "anim1": 4,
   "anim2": "",
   "anim3": "",
   "anim4": ""
 },
 {
   "type": "obstacle",
   "model": "cloud",
   "texture": "cloud.jpg",
   "is_static": false,
   "pos_fwd": 138,
   "pos_left": 1,
   "pos_up": 3,
   "scale_fwd": 3,
   "scale_left": 3,
   "scale_up": 3,
   "rot_fwd": 0,
   "rot_left": 0,
   "rot_up": 0,
   "anim1": 4,
   "anim2": "",
   "anim3": "",
   "anim4": ""
 },
 {
   "type": "obstacle",
   "model": "cloud",
   "texture": "cloud.jpg",
   "is_static": false,
   "pos_fwd": 139,
   "pos_left": 0,
   "pos_up": 2,
   "scale_fwd": 3,
   "scale_left": 3,
   "scale_up": 3,
   "rot_fwd": 0,
   "rot_left": 0,
   "rot_up": 0,
   "anim1": 4,
   "anim2": "",
   "anim3": "",
   "anim4": ""
 },
 {
   "type": "obstacle",
   "model": "cloud",
   "texture": "cloud.jpg",
   "is_static": false,
   "pos_fwd": 140,
   "pos_left": 6,
   "pos_up": 15,
   "scale_fwd": 3,
   "scale_left": 3,
   "scale_up": 3,
   "rot_fwd": 0,
   "rot_left": 0,
   "rot_up": 0,
   "anim1": 4,
   "anim2": "",
   "anim3": "",
   "anim4": ""
 },
 {
   "type": "obstacle",
   "model": "cloud",
   "texture": "cloud.jpg",
   "is_static": false,
   "pos_fwd": 141,
   "pos_left": 5,
   "pos_up": 3,
   "scale_fwd": 3,
   "scale_left": 3,
   "scale_up": 3,
   "rot_fwd": 0,
   "rot_left": 0,
   "rot_up": 0,
   "anim1": 4,
   "anim2": "",
   "anim3": "",
   "anim4": ""
 },
 {
   "type": "obstacle",
   "model": "cloud",
   "texture": "cloud.jpg",
   "is_static": false,
   "pos_fwd": 142,
   "pos_left": 6,
   "pos_up": 15,
   "scale_fwd": 3,
   "scale_left": 3,
   "scale_up": 3,
   "rot_fwd": 0,
   "rot_left": 0,
   "rot_up": 0,
   "anim1": 4,
   "anim2": "",
   "anim3": "",
   "anim4": ""
 },
 {
   "type": "obstacle",
   "model": "cloud",
   "texture": "cloud.jpg",
   "is_static": false,
   "pos_fwd": 143,
   "pos_left": 2,
   "pos_up": 6,
   "scale_fwd": 3,
   "scale_left": 3,
   "scale_up": 3,
   "rot_fwd": 0,
   "rot_left": 0,
   "rot_up": 0,
   "anim1": 4,
   "anim2": "",
   "anim3": "",
   "anim4": ""
 },
 {
   "type": "obstacle",
   "model": "cloud",
   "texture": "cloud.jpg",
   "is_static": false,
   "pos_fwd": 144,
   "pos_left": 5,
   "pos_up": 4,
   "scale_fwd": 3,
   "scale_left": 3,
   "scale_up": 3,
   "rot_fwd": 0,
   "rot_left": 0,
   "rot_up": 0,
   "anim1": 4,
   "anim2": "",
   "anim3": "",
   "anim4": ""
 },
 {
   "type": "obstacle",
   "model": "cloud",
   "texture": "cloud.jpg",
   "is_static": false,
   "pos_fwd": 145,
   "pos_left": 5,
   "pos_up": 12,
   "scale_fwd": 3,
   "scale_left": 3,
   "scale_up": 3,
   "rot_fwd": 0,
   "rot_left": 0,
   "rot_up": 0,
   "anim1": 4,
   "anim2": "",
   "anim3": "",
   "anim4": ""
 },
 {
   "type": "obstacle",
   "model": "cloud",
   "texture": "cloud.jpg",
   "is_static": false,
   "pos_fwd": 146,
   "pos_left": 0,
   "pos_up": 4,
   "scale_fwd": 3,
   "scale_left": 3,
   "scale_up": 3,
   "rot_fwd": 0,
   "rot_left": 0,
   "rot_up": 0,
   "anim1": 4,
   "anim2": "",
   "anim3": "",
   "anim4": ""
 },
 {
   "type": "obstacle",
   "model": "cloud",
   "texture": "cloud.jpg",
   "is_static": false,
   "pos_fwd": 40,
   "pos_left": 3,
   "pos_up": 9,
   "scale_fwd": 3,
   "scale_left": 3,
   "scale_up": 3,
   "rot_fwd": 0,
   "rot_left": 0,
   "rot_up": 0,
   "anim1": 9,
   "anim2": "",
   "anim3": "",
   "anim4": ""
 },
 {
   "type": "obstacle",
   "model": "cloud",
   "texture": "cloud.jpg",
   "is_static": false,
   "pos_fwd": 41,
   "pos_left": 1,
   "pos_up": 2,
   "scale_fwd": 3,
   "scale_left": 3,
   "scale_up": 3,
   "rot_fwd": 0,
   "rot_left": 0,
   "rot_up": 0,
   "anim1": 9,
   "anim2": "",
   "anim3": "",
   "anim4": ""
 },
 {
   "type": "obstacle",
   "model": "cloud",
   "texture": "cloud.jpg",
   "is_static": false,
   "pos_fwd": 42,
   "pos_left": 0,
   "pos_up": 8,
   "scale_fwd": 3,
   "scale_left": 3,
   "scale_up": 3,
   "rot_fwd": 0,
   "rot_left": 0,
   "rot_up": 0,
   "anim1": 9,
   "anim2": "",
   "anim3": "",
   "anim4": ""
 },
 {
   "type": "obstacle",
   "model": "cloud",
   "texture": "cloud.jpg",
   "is_static": false,
   "pos_fwd": 43,
   "pos_left": 6,
   "pos_up": 7,
   "scale_fwd": 3,
   "scale_left": 3,
   "scale_up": 3,
   "rot_fwd": 0,
   "rot_left": 0,
   "rot_up": 0,
   "anim1": 9,
   "anim2": "",
   "anim3": "",
   "anim4": ""
 },
 {
   "type": "obstacle",
   "model": "cloud",
   "texture": "cloud.jpg",
   "is_static": false,
   "pos_fwd": 44,
   "pos_left": 5,
   "pos_up": 9,
   "scale_fwd": 3,
   "scale_left": 3,
   "scale_up": 3,
   "rot_fwd": 0,
   "rot_left": 0,
   "rot_up": 0,
   "anim1": 9,
   "anim2": "",
   "anim3": "",
   "anim4": ""
 },
 {
   "type": "obstacle",
   "model": "cloud",
   "texture": "cloud.jpg",
   "is_static": false,
   "pos_fwd": 45,
   "pos_left": 1,
   "pos_up": 2,
   "scale_fwd": 3,
   "scale_left": 3,
   "scale_up": 3,
   "rot_fwd": 0,
   "rot_left": 0,
   "rot_up": 0,
   "anim1": 9,
   "anim2": "",
   "anim3": "",
   "anim4": ""
 },
 {
   "type": "obstacle",
   "model": "cloud",
   "texture": "cloud.jpg",
   "is_static": false,
   "pos_fwd": 46,
   "pos_left": 6,
   "pos_up": 12,
   "scale_fwd": 3,
   "scale_left": 3,
   "scale_up": 3,
   "rot_fwd": 0,
   "rot_left": 0,
   "rot_up": 0,
   "anim1": 9,
   "anim2": "",
   "anim3": "",
   "anim4": ""
 },
 {
   "type": "obstacle",
   "model": "cloud",
   "texture": "cloud.jpg",
   "is_static": false,
   "pos_fwd": 47,
   "pos_left": 3,
   "pos_up": 15,
   "scale_fwd": 3,
   "scale_left": 3,
   "scale_up": 3,
   "rot_fwd": 0,
   "rot_left": 0,
   "rot_up": 0,
   "anim1": 9,
   "anim2": "",
   "anim3": "",
   "anim4": ""
 },
 {
   "type": "obstacle",
   "model": "cloud",
   "texture": "cloud.jpg",
   "is_static": false,
   "pos_fwd": 48,
   "pos_left": 4,
   "pos_up": 5,
   "scale_fwd": 3,
   "scale_left": 3,
   "scale_up": 3,
   "rot_fwd": 0,
   "rot_left": 0,
   "rot_up": 0,
   "anim1": 9,
   "anim2": "",
   "anim3": "",
   "anim4": ""
 },
 {
   "type": "obstacle",
   "model": "cloud",
   "texture": "cloud.jpg",
   "is_static": false,
   "pos_fwd": 49,
   "pos_left": 1,
   "pos_up": 5,
   "scale_fwd": 3,
   "scale_left": 3,
   "scale_up": 3,
   "rot_fwd": 0,
   "rot_left": 0,
   "rot_up": 0,
   "anim1": 9,
   "anim2": "",
   "anim3": "",
   "anim4": ""
 },
 {
   "type": "obstacle",
   "model": "cloud",
   "texture": "cloud.jpg",
   "is_static": false,
   "pos_fwd": 50,
   "pos_left": 6,
   "pos_up": 8,
   "scale_fwd": 3,
   "scale_left": 3,
   "scale_up": 3,
   "rot_fwd": 0,
   "rot_left": 0,
   "rot_up": 0,
   "anim1": 9,
   "anim2": "",
   "anim3": "",
   "anim4": ""
 },
 {
   "type": "obstacle",
   "model": "cloud",
   "texture": "cloud.jpg",
   "is_static": false,
   "pos_fwd": 70,
   "pos_left": 5,
   "pos_up": 11,
   "scale_fwd": 3,
   "scale_left": 3,
   "scale_up": 3,
   "rot_fwd": 0,
   "rot_left": 0,
   "rot_up": 0,
   "anim1": 6,
   "anim2": "",
   "anim3": "",
   "anim4": ""
 },
 {
   "type": "obstacle",
   "model": "cloud",
   "texture": "cloud.jpg",
   "is_static": false,
   "pos_fwd": 71,
   "pos_left": 5,
   "pos_up": 13,
   "scale_fwd": 3,
   "scale_left": 3,
   "scale_up": 3,
   "rot_fwd": 0,
   "rot_left": 0,
   "rot_up": 0,
   "anim1": 6,
   "anim2": "",
   "anim3": "",
   "anim4": ""
 },
 {
   "type": "obstacle",
   "model": "cloud",
   "texture": "cloud.jpg",
   "is_static": false,
   "pos_fwd": 72,
   "pos_left": 0,
   "pos_up": 5,
   "scale_fwd": 3,
   "scale_left": 3,
   "scale_up": 3,
   "rot_fwd": 0,
   "rot_left": 0,
   "rot_up": 0,
   "anim1": 6,
   "anim2": "",
   "anim3": "",
   "anim4": ""
 },
 {
   "type": "obstacle",
   "model": "cloud",
   "texture": "cloud.jpg",
   "is_static": false,
   "pos_fwd": 73,
   "pos_left": 2,
   "pos_up": 8,
   "scale_fwd": 3,
   "scale_left": 3,
   "scale_up": 3,
   "rot_fwd": 0,
   "rot_left": 0,
   "rot_up": 0,
   "anim1": 6,
   "anim2": "",
   "anim3": "",
   "anim4": ""
 },
 {
   "type": "obstacle",
   "model": "cloud",
   "texture": "cloud.jpg",
   "is_static": false,
   "pos_fwd": 74,
   "pos_left": 4,
   "pos_up": 3,
   "scale_fwd": 3,
   "scale_left": 3,
   "scale_up": 3,
   "rot_fwd": 0,
   "rot_left": 0,
   "rot_up": 0,
   "anim1": 6,
   "anim2": "",
   "anim3": "",
   "anim4": ""
 },
 {
   "type": "obstacle",
   "model": "cloud",
   "texture": "cloud.jpg",
   "is_static": false,
   "pos_fwd": 75,
   "pos_left": 0,
   "pos_up": 3,
   "scale_fwd": 3,
   "scale_left": 3,
   "scale_up": 3,
   "rot_fwd": 0,
   "rot_left": 0,
   "rot_up": 0,
   "anim1": 6,
   "anim2": "",
   "anim3": "",
   "anim4": ""
 },
 {
   "type": "obstacle",
   "model": "cloud",
   "texture": "cloud.jpg",
   "is_static": false,
   "pos_fwd": 76,
   "pos_left": 5,
   "pos_up": 12,
   "scale_fwd": 3,
   "scale_left": 3,
   "scale_up": 3,
   "rot_fwd": 0,
   "rot_left": 0,
   "rot_up": 0,
   "anim1": 6,
   "anim2": "",
   "anim3": "",
   "anim4": ""
 },
 {
   "type": "obstacle",
   "model": "cloud",
   "texture": "cloud.jpg",
   "is_static": false,
   "pos_fwd": 77,
   "pos_left": 6,
   "pos_up": 12,
   "scale_fwd": 3,
   "scale_left": 3,
   "scale_up": 3,
   "rot_fwd": 0,
   "rot_left": 0,
   "rot_up": 0,
   "anim1": 6,
   "anim2": "",
   "anim3": "",
   "anim4": ""
 },
 {
   "type": "obstacle",
   "model": "cloud",
   "texture": "cloud.jpg",
   "is_static": false,
   "pos_fwd": 78,
   "pos_left": 3,
   "pos_up": 6,
   "scale_fwd": 3,
   "scale_left": 3,
   "scale_up": 3,
   "rot_fwd": 0,
   "rot_left": 0,
   "rot_up": 0,
   "anim1": 6,
   "anim2": "",
   "anim3": "",
   "anim4": ""
 },
 {
   "type": "obstacle",
   "model": "cloud",
   "texture": "cloud.jpg",
   "is_static": false,
   "pos_fwd": 79,
   "pos_left": 2,
   "pos_up": 2,
   "scale_fwd": 3,
   "scale_left": 3,
   "scale_up": 3,
   "rot_fwd": 0,
   "rot_left": 0,
   "rot_up": 0,
   "anim1": 6,
   "anim2": "",
   "anim3": "",
   "anim4": ""
 },
 {
   "type": "obstacle",
   "model": "cloud",
   "texture": "cloud.jpg",
   "is_static": false,
   "pos_fwd": 90,
   "pos_left": 6,
   "pos_up": 14,
   "scale_fwd": 3,
   "scale_left": 3,
   "scale_up": 3,
   "rot_fwd": 0,
   "rot_left": 0,
   "rot_up": 0,
   "anim1": 5,
   "anim2": "",
   "anim3": "",
   "anim4": ""
 },
 {
   "type": "obstacle",
   "model": "cloud",
   "texture": "cloud.jpg",
   "is_static": false,
   "pos_fwd": 91,
   "pos_left": 3,
   "pos_up": 8,
   "scale_fwd": 3,
   "scale_left": 3,
   "scale_up": 3,
   "rot_fwd": 0,
   "rot_left": 0,
   "rot_up": 0,
   "anim1": 5,
   "anim2": "",
   "anim3": "",
   "anim4": ""
 },
 {
   "type": "obstacle",
   "model": "cloud",
   "texture": "cloud.jpg",
   "is_static": false,
   "pos_fwd": 92,
   "pos_left": 6,
   "pos_up": 10,
   "scale_fwd": 3,
   "scale_left": 3,
   "scale_up": 3,
   "rot_fwd": 0,
   "rot_left": 0,
   "rot_up": 0,
   "anim1": 5,
   "anim2": "",
   "anim3": "",
   "anim4": ""
 },
 {
   "type": "obstacle",
   "model": "cloud",
   "texture": "cloud.jpg",
   "is_static": false,
   "pos_fwd": 93,
   "pos_left": 2,
   "pos_up": 9,
   "scale_fwd": 3,
   "scale_left": 3,
   "scale_up": 3,
   "rot_fwd": 0,
   "rot_left": 0,
   "rot_up": 0,
   "anim1": 5,
   "anim2": "",
   "anim3": "",
   "anim4": ""
 },
 {
   "type": "obstacle",
   "model": "cloud",
   "texture": "cloud.jpg",
   "is_static": false,
   "pos_fwd": 94,
   "pos_left": 4,
   "pos_up": 6,
   "scale_fwd": 3,
   "scale_left": 3,
   "scale_up": 3,
   "rot_fwd": 0,
   "rot_left": 0,
   "rot_up": 0,
   "anim1": 5,
   "anim2": "",
   "anim3": "",
   "anim4": ""
 },
 {
   "type": "obstacle",
   "model": "cloud",
   "texture": "cloud.jpg",
   "is_static": false,
   "pos_fwd": 95,
   "pos_left": 1,
   "pos_up": 3,
   "scale_fwd": 3,
   "scale_left": 3,
   "scale_up": 3,
   "rot_fwd": 0,
   "rot_left": 0,
   "rot_up": 0,
   "anim1": 5,
   "anim2": "",
   "anim3": "",
   "anim4": ""
 },
 {
   "type": "obstacle",
   "model": "cloud",
   "texture": "cloud.jpg",
   "is_static": false,
   "pos_fwd": 96,
   "pos_left": 3,
   "pos_up": 13,
   "scale_fwd": 3,
   "scale_left": 3,
   "scale_up": 3,
   "rot_fwd": 0,
   "rot_left": 0,
   "rot_up": 0,
   "anim1": 5,
   "anim2": "",
   "anim3": "",
   "anim4": ""
 },
 {
   "type": "obstacle",
   "model": "cloud",
   "texture": "cloud.jpg",
   "is_static": false,
   "pos_fwd": 97,
   "pos_left": 3,
   "pos_up": 4,
   "scale_fwd": 3,
   "scale_left": 3,
   "scale_up": 3,
   "rot_fwd": 0,
   "rot_left": 0,
   "rot_up": 0,
   "anim1": 5,
   "anim2": "",
   "anim3": "",
   "anim4": ""
 },
 {
   "type": "obstacle",
   "model": "cloud",
   "texture": "cloud.jpg",
   "is_static": false,
   "pos_fwd": 98,
   "pos_left": 2,
   "pos_up": 12,
   "scale_fwd": 3,
   "scale_left": 3,
   "scale_up": 3,
   "rot_fwd": 0,
   "rot_left": 0,
   "rot_up": 0,
   "anim1": 5,
   "anim2": "",
   "anim3": "",
   "anim4": ""
 },
 {
   "type": "obstacle",
   "model": "cloud",
   "texture": "cloud.jpg",
   "is_static": false,
   "pos_fwd": 99,
   "pos_left": 4,
   "pos_up": 5,
   "scale_fwd": 3,
   "scale_left": 3,
   "scale_up": 3,
   "rot_fwd": 0,
   "rot_left": 0,
   "rot_up": 0,
   "anim1": 5,
   "anim2": "",
   "anim3": "",
   "anim4": ""
 },
 {
   "type": "obstacle",
   "model": "cloud",
   "texture": "cloud.jpg",
   "is_static": false,
   "pos_fwd": 100,
   "pos_left": 1,
   "pos_up": 15,
   "scale_fwd": 3,
   "scale_left": 3,
   "scale_up": 3,
   "rot_fwd": 0,
   "rot_left": 0,
   "rot_up": 0,
   "anim1": 5,
   "anim2": "",
   "anim3": "",
   "anim4": ""
 },
 {
   "type": "obstacle",
   "model": "cloud",
   "texture": "cloud.jpg",
   "is_static": false,
   "pos_fwd": 101,
   "pos_left": 1,
   "pos_up": 10,
   "scale_fwd": 3,
   "scale_left": 3,
   "scale_up": 3,
   "rot_fwd": 0,
   "rot_left": 0,
   "rot_up": 0,
   "anim1": 5,
   "anim2": "",
   "anim3": "",
   "anim4": ""
 },
 {
   "type": "obstacle",
   "model": "cloud",
   "texture": "cloud.jpg",
   "is_static": false,
   "pos_fwd": 102,
   "pos_left": 6,
   "pos_up": 10,
   "scale_fwd": 3,
   "scale_left": 3,
   "scale_up": 3,
   "rot_fwd": 0,
   "rot_left": 0,
   "rot_up": 0,
   "anim1": 5,
   "anim2": "",
   "anim3": "",
   "anim4": ""
 },
 {
   "type": "obstacle",
   "model": "cloud",
   "texture": "cloud.jpg",
   "is_static": false,
   "pos_fwd": 103,
   "pos_left": 2,
   "pos_up": 2,
   "scale_fwd": 3,
   "scale_left": 3,
   "scale_up": 3,
   "rot_fwd": 0,
   "rot_left": 0,
   "rot_up": 0,
   "anim1": 5,
   "anim2": "",
   "anim3": "",
   "anim4": ""
 },
 {
   "type": "obstacle",
   "model": "cloud",
   "texture": "cloud.jpg",
   "is_static": false,
   "pos_fwd": 104,
   "pos_left": 3,
   "pos_up": 9,
   "scale_fwd": 3,
   "scale_left": 3,
   "scale_up": 3,
   "rot_fwd": 0,
   "rot_left": 0,
   "rot_up": 0,
   "anim1": 5,
   "anim2": "",
   "anim3": "",
   "anim4": ""
 },
 {
   "type": "obstacle",
   "model": "cloud",
   "texture": "cloud.jpg",
   "is_static": false,
   "pos_fwd": 105,
   "pos_left": 1,
   "pos_up": 4,
   "scale_fwd": 3,
   "scale_left": 3,
   "scale_up": 3,
   "rot_fwd": 0,
   "rot_left": 0,
   "rot_up": 0,
   "anim1": 5,
   "anim2": "",
   "anim3": "",
   "anim4": ""
 },
 {
   "type": "obstacle",
   "model": "cloud",
   "texture": "cloud.jpg",
   "is_static": false,
   "pos_fwd": 106,
   "pos_left": 3,
   "pos_up": 9,
   "scale_fwd": 3,
   "scale_left": 3,
   "scale_up": 3,
   "rot_fwd": 0,
   "rot_left": 0,
   "rot_up": 0,
   "anim1": 5,
   "anim2": "",
   "anim3": "",
   "anim4": ""
 },
 {
   "type": "obstacle",
   "model": "cloud",
   "texture": "cloud.jpg",
   "is_static": false,
   "pos_fwd": 107,
   "pos_left": 0,
   "pos_up": 12,
   "scale_fwd": 3,
   "scale_left": 3,
   "scale_up": 3,
   "rot_fwd": 0,
   "rot_left": 0,
   "rot_up": 0,
   "anim1": 5,
   "anim2": "",
   "anim3": "",
   "anim4": ""
 },
 {
   "type": "obstacle",
   "model": "cloud",
   "texture": "cloud.jpg",
   "is_static": false,
   "pos_fwd": 127,
   "pos_left": 0,
   "pos_up": 7,
   "scale_fwd": 3,
   "scale_left": 3,
   "scale_up": 3,
   "rot_fwd": 0,
   "rot_left": 0,
   "rot_up": 0,
   "anim1": 6,
   "anim2": "",
   "anim3": "",
   "anim4": ""
 },
 {
   "type": "obstacle",
   "model": "cloud",
   "texture": "cloud.jpg",
   "is_static": false,
   "pos_fwd": 128,
   "pos_left": 3,
   "pos_up": 5,
   "scale_fwd": 3,
   "scale_left": 3,
   "scale_up": 3,
   "rot_fwd": 0,
   "rot_left": 0,
   "rot_up": 0,
   "anim1": 6,
   "anim2": "",
   "anim3": "",
   "anim4": ""
 },
 {
   "type": "obstacle",
   "model": "cloud",
   "texture": "cloud.jpg",
   "is_static": false,
   "pos_fwd": 129,
   "pos_left": 1,
   "pos_up": 6,
   "scale_fwd": 3,
   "scale_left": 3,
   "scale_up": 3,
   "rot_fwd": 0,
   "rot_left": 0,
   "rot_up": 0,
   "anim1": 6,
   "anim2": "",
   "anim3": "",
   "anim4": ""
 },
 {
   "type": "obstacle",
   "model": "cloud",
   "texture": "cloud.jpg",
   "is_static": false,
   "pos_fwd": 130,
   "pos_left": 0,
   "pos_up": 9,
   "scale_fwd": 3,
   "scale_left": 3,
   "scale_up": 3,
   "rot_fwd": 0,
   "rot_left": 0,
   "rot_up": 0,
   "anim1": 6,
   "anim2": "",
   "anim3": "",
   "anim4": ""
 },
 {
   "type": "obstacle",
   "model": "cloud",
   "texture": "cloud.jpg",
   "is_static": false,
   "pos_fwd": 131,
   "pos_left": 3,
   "pos_up": 7,
   "scale_fwd": 3,
   "scale_left": 3,
   "scale_up": 3,
   "rot_fwd": 0,
   "rot_left": 0,
   "rot_up": 0,
   "anim1": 6,
   "anim2": "",
   "anim3": "",
   "anim4": ""
 },
 {
   "type": "obstacle",
   "model": "cloud",
   "texture": "cloud.jpg",
   "is_static": false,
   "pos_fwd": 132,
   "pos_left": 3,
   "pos_up": 13,
   "scale_fwd": 3,
   "scale_left": 3,
   "scale_up": 3,
   "rot_fwd": 0,
   "rot_left": 0,
   "rot_up": 0,
   "anim1": 6,
   "anim2": "",
   "anim3": "",
   "anim4": ""
 },
 {
   "type": "obstacle",
   "model": "cloud",
   "texture": "cloud.jpg",
   "is_static": false,
   "pos_fwd": 133,
   "pos_left": 3,
   "pos_up": 9,
   "scale_fwd": 3,
   "scale_left": 3,
   "scale_up": 3,
   "rot_fwd": 0,
   "rot_left": 0,
   "rot_up": 0,
   "anim1": 6,
   "anim2": "",
   "anim3": "",
   "anim4": ""
 },
 {
   "type": "obstacle",
   "model": "cloud",
   "texture": "cloud.jpg",
   "is_static": false,
   "pos_fwd": 134,
   "pos_left": 3,
   "pos_up": 13,
   "scale_fwd": 3,
   "scale_left": 3,
   "scale_up": 3,
   "rot_fwd": 0,
   "rot_left": 0,
   "rot_up": 0,
   "anim1": 6,
   "anim2": "",
   "anim3": "",
   "anim4": ""
 },
 {
   "type": "obstacle",
   "model": "cloud",
   "texture": "cloud.jpg",
   "is_static": false,
   "pos_fwd": 135,
   "pos_left": 6,
   "pos_up": 6,
   "scale_fwd": 3,
   "scale_left": 3,
   "scale_up": 3,
   "rot_fwd": 0,
   "rot_left": 0,
   "rot_up": 0,
   "anim1": 6,
   "anim2": "",
   "anim3": "",
   "anim4": ""
 },
 {
   "type": "obstacle",
   "model": "cloud",
   "texture": "cloud.jpg",
   "is_static": false,
   "pos_fwd": 136,
   "pos_left": 6,
   "pos_up": 10,
   "scale_fwd": 3,
   "scale_left": 3,
   "scale_up": 3,
   "rot_fwd": 0,
   "rot_left": 0,
   "rot_up": 0,
   "anim1": 6,
   "anim2": "",
   "anim3": "",
   "anim4": ""
 },
 {
   "type": "obstacle",
   "model": "cloud",
   "texture": "cloud.jpg",
   "is_static": false,
   "pos_fwd": 140,
   "pos_left": 5,
   "pos_up": 5,
   "scale_fwd": 3,
   "scale_left": 3,
   "scale_up": 3,
   "rot_fwd": 0,
   "rot_left": 0,
   "rot_up": 0,
   "anim1": 5,
   "anim2": "",
   "anim3": "",
   "anim4": ""
 },
 {
   "type": "obstacle",
   "model": "cloud",
   "texture": "cloud.jpg",
   "is_static": false,
   "pos_fwd": 141,
   "pos_left": 1,
   "pos_up": 13,
   "scale_fwd": 3,
   "scale_left": 3,
   "scale_up": 3,
   "rot_fwd": 0,
   "rot_left": 0,
   "rot_up": 0,
   "anim1": 5,
   "anim2": "",
   "anim3": "",
   "anim4": ""
 },
 {
   "type": "obstacle",
   "model": "cloud",
   "texture": "cloud.jpg",
   "is_static": false,
   "pos_fwd": 142,
   "pos_left": 1,
   "pos_up": 6,
   "scale_fwd": 3,
   "scale_left": 3,
   "scale_up": 3,
   "rot_fwd": 0,
   "rot_left": 0,
   "rot_up": 0,
   "anim1": 5,
   "anim2": "",
   "anim3": "",
   "anim4": ""
 },
 {
   "type": "obstacle",
   "model": "cloud",
   "texture": "cloud.jpg",
   "is_static": false,
   "pos_fwd": 143,
   "pos_left": 1,
   "pos_up": 11,
   "scale_fwd": 3,
   "scale_left": 3,
   "scale_up": 3,
   "rot_fwd": 0,
   "rot_left": 0,
   "rot_up": 0,
   "anim1": 5,
   "anim2": "",
   "anim3": "",
   "anim4": ""
 },
 {
   "type": "obstacle",
   "model": "cloud",
   "texture": "cloud.jpg",
   "is_static": false,
   "pos_fwd": 144,
   "pos_left": 4,
   "pos_up": 4,
   "scale_fwd": 3,
   "scale_left": 3,
   "scale_up": 3,
   "rot_fwd": 0,
   "rot_left": 0,
   "rot_up": 0,
   "anim1": 5,
   "anim2": "",
   "anim3": "",
   "anim4": ""
 }
]